Archive member included to satisfy reference by file (symbol)

lib/libSENSIT_SDK_V2.0.0.a(addon_sigfox_verified_api.o)
                              obj/AT_functions.o (ADDON_SIGFOX_VERIFIED_API_get_version)
lib/libSENSIT_SDK_V2.0.0.a(mcu_api.o)
                              lib/libSENSIT_SDK_V2.0.0.a(addon_sigfox_verified_api.o) (MCU_API_timer_start)
lib/libSENSIT_SDK_V2.0.0.a(nvmem_api.o)
                              lib/libSENSIT_SDK_V2.0.0.a(mcu_api.o) (NVMEM_API_get_device_id)
lib/libSENSIT_SDK_V2.0.0.a(radio.o)
                              lib/libSENSIT_SDK_V2.0.0.a(mcu_api.o) (RADIO_is_600bps)
lib/libSENSIT_SDK_V2.0.0.a(rtc.o)
                              lib/libSENSIT_SDK_V2.0.0.a(mcu_api.o) (RTC_set_rx_timer)
lib/libSENSIT_SDK_V2.0.0.a(sensit_api.o)
                              obj/AT_functions.o (SENSIT_API_get_sdk_version)
lib/libSENSIT_SDK_V2.0.0.a(sigfox_api.o)
                              obj/radio_api.o (SIGFOX_API_open)
lib/libSENSIT_SDK_V2.0.0.a(sigfox_internal.o)
                              lib/libSENSIT_SDK_V2.0.0.a(sigfox_api.o) (SIGFOX_INT_get_max_micro_channel)
lib/libSENSIT_SDK_V2.0.0.a(sigfox_pn.o)
                              lib/libSENSIT_SDK_V2.0.0.a(sigfox_internal.o) (SIGFOX_PN_next_pn)
lib/libSENSIT_SDK_V2.0.0.a(sigfox_scramb.o)
                              lib/libSENSIT_SDK_V2.0.0.a(sigfox_internal.o) (SIGFOX_SCRAMB_compute)
lib/libSENSIT_SDK_V2.0.0.a(sleep.o)
                              lib/libSENSIT_SDK_V2.0.0.a(rtc.o) (SLEEP_handler)
lib/libSENSIT_SDK_V2.0.0.a(spi.o)
                              lib/libSENSIT_SDK_V2.0.0.a(sensit_api.o) (SPI_init)
lib/libSENSIT_SDK_V2.0.0.a(startup_stm32f042x6.o)
                              (Reset_Handler)
lib/libSENSIT_SDK_V2.0.0.a(system_stm32f0xx.o)
                              lib/libSENSIT_SDK_V2.0.0.a(startup_stm32f042x6.o) (SystemInit)
lib/libSENSIT_SDK_V2.0.0.a(systick.o)
                              lib/libSENSIT_SDK_V2.0.0.a(mcu_api.o) (SYSTICK_wait_ms)
lib/libSENSIT_SDK_V2.0.0.a(uart.o)
                              lib/libSENSIT_SDK_V2.0.0.a(sensit_api.o) (UART_open)
lib/libSENSIT_SDK_V2.0.0.a(usb_device.o)
                              lib/libSENSIT_SDK_V2.0.0.a(sensit_api.o) (usbDeviceInit)
lib/libSENSIT_SDK_V2.0.0.a(usbd_cdc.o)
                              lib/libSENSIT_SDK_V2.0.0.a(usb_device.o) (usbCDCRegister)
lib/libSENSIT_SDK_V2.0.0.a(usbd_cdc_if.o)
                              lib/libSENSIT_SDK_V2.0.0.a(usbd_cdc.o) (cdcIFInit_FS)
lib/libSENSIT_SDK_V2.0.0.a(usbd_conf.o)
                              lib/libSENSIT_SDK_V2.0.0.a(usbd_cdc.o) (USBD_LL_OpenEP)
lib/libSENSIT_SDK_V2.0.0.a(usbd_core.o)
                              lib/libSENSIT_SDK_V2.0.0.a(usb_device.o) (USBD_Init)
lib/libSENSIT_SDK_V2.0.0.a(usbd_ctlreq.o)
                              lib/libSENSIT_SDK_V2.0.0.a(usb_device.o) (USBD_GetDeviceConfiguredState)
lib/libSENSIT_SDK_V2.0.0.a(usbd_ioreq.o)
                              lib/libSENSIT_SDK_V2.0.0.a(usbd_cdc.o) (USBD_CtlSendData)
lib/libSENSIT_SDK_V2.0.0.a(watchdog.o)
                              lib/libSENSIT_SDK_V2.0.0.a(sensit_api.o) (WATCHDOG_init)
lib/libSENSIT_SDK_V2.0.0.a(adc.o)
                              lib/libSENSIT_SDK_V2.0.0.a(sensit_api.o) (ADC_init)
lib/libSENSIT_SDK_V2.0.0.a(aes.o)
                              lib/libSENSIT_SDK_V2.0.0.a(nvmem_api.o) (AESEncode)
lib/libSENSIT_SDK_V2.0.0.a(calib.o)
                              lib/libSENSIT_SDK_V2.0.0.a(rtc.o) (calibRTCclkIsCalibrated)
lib/libSENSIT_SDK_V2.0.0.a(cc1125.o)
                              lib/libSENSIT_SDK_V2.0.0.a(radio.o) (CC1125_write_reg)
lib/libSENSIT_SDK_V2.0.0.a(crc.o)
                              lib/libSENSIT_SDK_V2.0.0.a(nvmem_api.o) (CRC_compute)
lib/libSENSIT_SDK_V2.0.0.a(flash.o)
                              lib/libSENSIT_SDK_V2.0.0.a(nvmem_api.o) (FLASH_unlock)
lib/libSENSIT_SDK_V2.0.0.a(gpio.o)
                              lib/libSENSIT_SDK_V2.0.0.a(sensit_api.o) (GPIO_init)
lib/libSENSIT_SDK_V2.0.0.a(i2c.o)
                              lib/libSENSIT_SDK_V2.0.0.a(sensit_api.o) (I2C_init)
lib/libSENSIT_SDK_V2.0.0.a(led.o)
                              lib/libSENSIT_SDK_V2.0.0.a(sensit_api.o) (LED_set_toggle_color)
lib/libSENSIT_SDK_V2.0.0.a(my_string.o)
                              lib/libSENSIT_SDK_V2.0.0.a(nvmem_api.o) (my_memcpy)
lib/libSENSIT_SDK_V2.0.0.a(reed_switch.o)
                              lib/libSENSIT_SDK_V2.0.0.a(sensit_api.o) (REED_SWITCH_enable)
lib/libSENSIT_SDK_V2.0.0.a(rf_api.o)
                              lib/libSENSIT_SDK_V2.0.0.a(sigfox_api.o) (RF_API_init)
lib/libSENSIT_SDK_V2.0.0.a(sigfox_crc.o)
                              lib/libSENSIT_SDK_V2.0.0.a(sigfox_internal.o) (SIGFOX_CRC_crc16)
lib/libSENSIT_SDK_V2.0.0.a(sigfox_decode.o)
                              lib/libSENSIT_SDK_V2.0.0.a(sigfox_internal.o) (SIGFOX_DECODE_decode_frame)
lib/libSENSIT_SDK_V2.0.0.a(sigfox_hmac.o)
[...]
Memory Configuration

Name             Origin             Length             Attributes
RAM              0x0000000020000000 0x0000000000001800 xrw
ROM              0x0000000008000000 0x0000000000007400 xr
*default*        0x0000000000000000 0xffffffffffffffff

Linker script and memory map

LOAD obj/error.o
LOAD obj/button.o
LOAD obj/battery.o
LOAD obj/callback.o
LOAD obj/serial.o
LOAD obj/radio_api.o
LOAD obj/etsi.o
LOAD obj/fcc.o
LOAD obj/hts221.o
LOAD obj/ltr329.o
LOAD obj/fxos8700.o
LOAD obj/AT_parser.o
LOAD obj/AT_functions.o
LOAD obj/discovery.o
LOAD obj/main.o
LOAD lib/libSENSIT_SDK_V2.0.0.a
                0x0000000020001800                _estack = 0x20001800
                0x0000000000000000                _Min_Heap_Size = 0x0
                0x0000000000000400                _Min_Stack_Size = 0x400

.isr_vector     0x0000000008000000       0xc0
                0x0000000008000000                . = ALIGN (0x4)
 *(.isr_vector)
 .isr_vector    0x0000000008000000       0xc0 lib/libSENSIT_SDK_V2.0.0.a(startup_stm32f042x6.o)
                0x0000000008000000                g_pfnVectors
                0x00000000080000c0                . = ALIGN (0x4)

.text           0x00000000080000c0     0x5b5c
                0x00000000080000c0                . = ALIGN (0x4)
 *(.text)
 .text          0x00000000080000c0       0x14 /Users/julesanthonioz/Desktop/TP-n2-Sens-It/gcc-arm-none-eabi-7-2018-q2-update/bin/../lib/gcc/arm-none-eabi/7.3.1/thumb/v6-m/libgcc.a(_thumb1_case_uqi.o)
                0x00000000080000c0                __gnu_thumb1_case_uqi
 .text          0x00000000080000d4       0x14 /Users/julesanthonioz/Desktop/TP-n2-Sens-It/gcc-arm-none-eabi-7-2018-q2-update/bin/../lib/gcc/arm-none-eabi/7.3.1/thumb/v6-m/libgcc.a(_thumb1_case_uhi.o)
                0x00000000080000d4                __gnu_thumb1_case_uhi
 .text          0x00000000080000e8      0x114 /Users/julesanthonioz/Desktop/TP-n2-Sens-It/gcc-arm-none-eabi-7-2018-q2-update/bin/../lib/gcc/arm-none-eabi/7.3.1/thumb/v6-m/libgcc.a(_udivsi3.o)
                0x00000000080000e8                __udivsi3
                0x00000000080000e8                __aeabi_uidiv
                0x00000000080001f4                __aeabi_uidivmod
 .text          0x00000000080001fc      0x1d4 /Users/julesanthonioz/Desktop/TP-n2-Sens-It/gcc-arm-none-eabi-7-2018-q2-update/bin/../lib/gcc/arm-none-eabi/7.3.1/thumb/v6-m/libgcc.a(_divsi3.o)
                0x00000000080001fc                __aeabi_idiv
                0x00000000080001fc                __divsi3
                0x00000000080003c8                __aeabi_idivmod
 .text          0x00000000080003d0        0x4 /Users/julesanthonioz/Desktop/TP-n2-Sens-It/gcc-arm-none-eabi-7-2018-q2-update/bin/../lib/gcc/arm-none-eabi/7.3.1/thumb/v6-m/libgcc.a(_dvmd_tls.o)
                0x00000000080003d0                __aeabi_ldiv0
                0x00000000080003d0                __aeabi_idiv0
 .text          0x00000000080003d4       0x30 /Users/julesanthonioz/Desktop/TP-n2-Sens-It/gcc-arm-none-eabi-7-2018-q2-update/bin/../lib/gcc/arm-none-eabi/7.3.1/thumb/v6-m/libgcc.a(_fixunssfsi.o)
                0x00000000080003d4                __aeabi_f2uiz
                0x00000000080003d4                __fixunssfsi
 .text          0x0000000008000404      0x224 /Users/julesanthonioz/Desktop/TP-n2-Sens-It/gcc-arm-none-eabi-7-2018-q2-update/bin/../lib/gcc/arm-none-eabi/7.3.1/thumb/v6-m/libgcc.a(divsf3.o)
                0x0000000008000404                __aeabi_fdiv
 .text          0x0000000008000628      0x264 /Users/julesanthonioz/Desktop/TP-n2-Sens-It/gcc-arm-none-eabi-7-2018-q2-update/bin/../lib/gcc/arm-none-eabi/7.3.1/thumb/v6-m/libgcc.a(mulsf3.o)
                0x0000000008000628                __aeabi_fmul
 .text          0x000000000800088c      0x388 /Users/julesanthonioz/Desktop/TP-n2-Sens-It/gcc-arm-none-eabi-7-2018-q2-update/bin/../lib/gcc/arm-none-eabi/7.3.1/thumb/v6-m/libgcc.a(subsf3.o)
                0x000000000800088c                __aeabi_fsub
 .text          0x0000000008000c14       0x40 /Users/julesanthonioz/Desktop/TP-n2-Sens-It/gcc-arm-none-eabi-7-2018-q2-update/bin/../lib/gcc/arm-none-eabi/7.3.1/thumb/v6-m/libgcc.a(fixsfsi.o)
                0x0000000008000c14                __aeabi_f2iz
 .text          0x0000000008000c54       0x80 /Users/julesanthonioz/Desktop/TP-n2-Sens-It/gcc-arm-none-eabi-7-2018-q2-update/bin/../lib/gcc/arm-none-eabi/7.3.1/thumb/v6-m/libgcc.a(floatunsisf.o)
                0x0000000008000c54                __aeabi_ui2f
 .text          0x0000000008000cd4       0x74 /Users/julesanthonioz/Desktop/TP-n2-Sens-It/gcc-arm-none-eabi-7-2018-q2-update/bin/../lib/gcc/arm-none-eabi/7.3.1/thumb/v6-m/libgcc.a(_arm_cmpsf2.o)
                0x0000000008000cd4                __aeabi_cfrcmple
                0x0000000008000cdc                __aeabi_cfcmple
                0x0000000008000cdc                __aeabi_cfcmpeq
                0x0000000008000cec                __aeabi_fcmpeq
                0x0000000008000cf8                __aeabi_fcmplt
                0x0000000008000d0c                __aeabi_fcmple
                0x0000000008000d20                __aeabi_fcmpgt
                0x0000000008000d34                __aeabi_fcmpge
 .text          0x0000000008000d48       0x3c /Users/julesanthonioz/Desktop/TP-n2-Sens-It/gcc-arm-none-eabi-7-2018-q2-update/bin/../lib/gcc/arm-none-eabi/7.3.1/thumb/v6-m/libgcc.a(_clzsi2.o)
                0x0000000008000d48                __clzsi2
 .text          0x0000000008000d84       0x50 /Users/julesanthonioz/Desktop/TP-n2-Sens-It/gcc-arm-none-eabi-7-2018-q2-update/bin/../lib/gcc/arm-none-eabi/7.3.1/thumb/v6-m/libgcc.a(eqsf2.o)
                0x0000000008000d84                __nesf2
                0x0000000008000d84                __eqsf2
 .text          0x0000000008000dd4       0x9c /Users/julesanthonioz/Desktop/TP-n2-Sens-It/gcc-arm-none-eabi-7-2018-q2-update/bin/../lib/gcc/arm-none-eabi/7.3.1/thumb/v6-m/libgcc.a(gesf2.o)
                0x0000000008000dd4                __gtsf2
                0x0000000008000dd4                __gesf2
 .text          0x0000000008000e70       0xa0 /Users/julesanthonioz/Desktop/TP-n2-Sens-It/gcc-arm-none-eabi-7-2018-q2-update/bin/../lib/gcc/arm-none-eabi/7.3.1/thumb/v6-m/libgcc.a(lesf2.o)
                0x0000000008000e70                __lesf2
                0x0000000008000e70                __ltsf2
 *(.text*)
 .text.ERROR_loop
                0x0000000008000f10       0x44 obj/error.o
 .text.ERROR_parser
                0x0000000008000f54       0xcc obj/error.o
                0x0000000008000f54                ERROR_parser
 .text.BUTTON_handler
                0x0000000008001020       0x5e obj/button.o
                0x0000000008001020                BUTTON_handler
 *fill*         0x000000000800107e        0x2 
 .text.BATTERY_handler
                0x0000000008001080       0x90 obj/battery.o
                0x0000000008001080                BATTERY_handler
 .text.CALLBACK_report_test_result
                0x0000000008001110        0x2 obj/callback.o
                0x0000000008001110                CALLBACK_report_test_result
 *fill*         0x0000000008001112        0x2 
 .text.RADIO_API_init
                0x0000000008001114       0x4c obj/radio_api.o
                0x0000000008001114                RADIO_API_init
 .text.RADIO_API_send_message
                0x0000000008001160       0x80 obj/radio_api.o
                0x0000000008001160                RADIO_API_send_message
 .text.ETSI_handler
                0x00000000080011e0       0x84 obj/etsi.o
                0x00000000080011e0                ETSI_handler
 .text.FCC_handler
                0x0000000008001264       0x50 obj/fcc.o
                0x0000000008001264                FCC_handler
 .text.HTS221_init
                0x00000000080012b4       0xbc obj/hts221.o
                0x00000000080012b4                HTS221_init
 .text.LTR329_init
                0x0000000008001370       0x54 obj/ltr329.o
                0x0000000008001370                LTR329_init
 .text.LTR329_set_standby_mode
                0x00000000080013c4       0x1a obj/ltr329.o
                0x00000000080013c4                LTR329_set_standby_mode
 .text.LTR329_set_active_mode
                0x00000000080013de       0x30 obj/ltr329.o
                0x00000000080013de                LTR329_set_active_mode
 .text.LTR329_measure
                0x000000000800140e       0x72 obj/ltr329.o
                0x000000000800140e                LTR329_measure
 .text.DISCOVERY_build_payload
                0x0000000008001480      0x108 obj/discovery.o
                0x0000000008001480                DISCOVERY_build_payload
 .text.startup.main
                0x0000000008001588      0x108 obj/main.o
                0x0000000008001588                main
 .text.MCU_API_malloc
                0x0000000008001690       0x14 lib/libSENSIT_SDK_V2.0.0.a(mcu_api.o)
                0x0000000008001690                MCU_API_malloc
 .text.MCU_API_free
                0x00000000080016a4        0x4 lib/libSENSIT_SDK_V2.0.0.a(mcu_api.o)
                0x00000000080016a4                MCU_API_free
 .text.MCU_API_get_voltage_temperature
                0x00000000080016a8       0x22 lib/libSENSIT_SDK_V2.0.0.a(mcu_api.o)
                0x00000000080016a8                MCU_API_get_voltage_temperature
 .text.MCU_API_delay
                0x00000000080016ca       0x3e lib/libSENSIT_SDK_V2.0.0.a(mcu_api.o)
                0x00000000080016ca                MCU_API_delay
 .text.MCU_API_aes_128_cbc_encrypt
                0x0000000008001708       0x62 lib/libSENSIT_SDK_V2.0.0.a(mcu_api.o)
                0x0000000008001708                MCU_API_aes_128_cbc_encrypt
 .text.MCU_API_get_nv_mem
                0x000000000800176a        0xe lib/libSENSIT_SDK_V2.0.0.a(mcu_api.o)
                0x000000000800176a                MCU_API_get_nv_mem
 .text.MCU_API_set_nv_mem
                0x0000000008001778       0x16 lib/libSENSIT_SDK_V2.0.0.a(mcu_api.o)
                0x0000000008001778                MCU_API_set_nv_mem
 *fill*         0x000000000800178e        0x2 
 .text.MCU_API_timer_start_carrier_sense
                0x0000000008001790       0x60 lib/libSENSIT_SDK_V2.0.0.a(mcu_api.o)
                0x0000000008001790                MCU_API_timer_start_carrier_sense
 .text.TIM16_IRQHandler
                0x00000000080017f0       0x24 lib/libSENSIT_SDK_V2.0.0.a(mcu_api.o)
                0x00000000080017f0                TIM16_IRQHandler
 .text.MCU_API_timer_start
                0x0000000008001814        0xc lib/libSENSIT_SDK_V2.0.0.a(mcu_api.o)
                0x0000000008001814                MCU_API_timer_start
 .text.MCU_API_timer_stop
                0x0000000008001820        0x4 lib/libSENSIT_SDK_V2.0.0.a(mcu_api.o)
                0x0000000008001820                MCU_API_timer_stop
 .text.MCU_API_timer_stop_carrier_sense
                0x0000000008001824       0x38 lib/libSENSIT_SDK_V2.0.0.a(mcu_api.o)
                0x0000000008001824                MCU_API_timer_stop_carrier_sense
 .text.MCU_API_timer_wait_for_end
                0x000000000800185c       0x10 lib/libSENSIT_SDK_V2.0.0.a(mcu_api.o)
                0x000000000800185c                MCU_API_timer_wait_for_end
 .text.MCU_API_report_test_result
                0x000000000800186c        0xa lib/libSENSIT_SDK_V2.0.0.a(mcu_api.o)
                0x000000000800186c                MCU_API_report_test_result
 .text.MCU_API_get_device_id
                0x0000000008001876       0x12 lib/libSENSIT_SDK_V2.0.0.a(mcu_api.o)
                0x0000000008001876                MCU_API_get_device_id
 .text.NVMEM_API_get_device_id
                0x0000000008001888       0x2c lib/libSENSIT_SDK_V2.0.0.a(nvmem_api.o)
                0x0000000008001888                NVMEM_API_get_device_id
 .text.NVMEM_API_get_frequency_calibration
                0x00000000080018b4       0x1c lib/libSENSIT_SDK_V2.0.0.a(nvmem_api.o)
                0x00000000080018b4                NVMEM_API_get_frequency_calibration
 .text.NVMEM_API_get_radio_configuration
                0x00000000080018d0       0x14 lib/libSENSIT_SDK_V2.0.0.a(nvmem_api.o)
                0x00000000080018d0                NVMEM_API_get_radio_configuration
 .text.NVMEM_API_compute_aes
                0x00000000080018e4       0xc8 lib/libSENSIT_SDK_V2.0.0.a(nvmem_api.o)
                0x00000000080018e4                NVMEM_API_compute_aes
 .text.NVMEM_API_init_page_index
                0x00000000080019ac       0xb4 lib/libSENSIT_SDK_V2.0.0.a(nvmem_api.o)
                0x00000000080019ac                NVMEM_API_init_page_index
 .text.NVMEM_API_init
                0x0000000008001a60       0xa0 lib/libSENSIT_SDK_V2.0.0.a(nvmem_api.o)
                0x0000000008001a60                NVMEM_API_init
 .text.NVMEM_API_set_data
                0x0000000008001b00       0xd8 lib/libSENSIT_SDK_V2.0.0.a(nvmem_api.o)
                0x0000000008001b00                NVMEM_API_set_data
 .text.NVMEM_API_get_data
                0x0000000008001bd8       0x58 lib/libSENSIT_SDK_V2.0.0.a(nvmem_api.o)
                0x0000000008001bd8                NVMEM_API_get_data
 .text.RADIO_init
                0x0000000008001c30       0x1c lib/libSENSIT_SDK_V2.0.0.a(radio.o)
                0x0000000008001c30                RADIO_init
 .text.RADIO_power_on
                0x0000000008001c4c       0x44 lib/libSENSIT_SDK_V2.0.0.a(radio.o)
                0x0000000008001c4c                RADIO_power_on
 .text.RADIO_power_off
                0x0000000008001c90       0x2c lib/libSENSIT_SDK_V2.0.0.a(radio.o)
                0x0000000008001c90                RADIO_power_off
 .text.RADIO_get_state
                0x0000000008001cbc        0xc lib/libSENSIT_SDK_V2.0.0.a(radio.o)
                0x0000000008001cbc                RADIO_get_state
 .text.RADIO_set_rf_line
                0x0000000008001cc8       0x50 lib/libSENSIT_SDK_V2.0.0.a(radio.o)
                0x0000000008001cc8                RADIO_set_rf_line
 .text.RADIO_is_600bps
                0x0000000008001d18       0x18 lib/libSENSIT_SDK_V2.0.0.a(radio.o)
                0x0000000008001d18                RADIO_is_600bps
 .text.RTC_init
                0x0000000008001d30       0x2c lib/libSENSIT_SDK_V2.0.0.a(rtc.o)
                0x0000000008001d30                RTC_init
 .text.RTC_get_current_time
                0x0000000008001d5c        0xc lib/libSENSIT_SDK_V2.0.0.a(rtc.o)
                0x0000000008001d5c                RTC_get_current_time
 .text.RTC_set_alarm_timer
                0x0000000008001d68       0x14 lib/libSENSIT_SDK_V2.0.0.a(rtc.o)
                0x0000000008001d68                RTC_set_alarm_timer
 .text.RTC_set_rx_timer
                0x0000000008001d7c        0xc lib/libSENSIT_SDK_V2.0.0.a(rtc.o)
                0x0000000008001d7c                RTC_set_rx_timer
 .text.RTC_wait_frame
                0x0000000008001d88       0x2c lib/libSENSIT_SDK_V2.0.0.a(rtc.o)
                0x0000000008001d88                RTC_wait_frame
 .text.RTC_IRQHandler
                0x0000000008001db4       0x68 lib/libSENSIT_SDK_V2.0.0.a(rtc.o)
                0x0000000008001db4                RTC_IRQHandler
 .text._init    0x0000000008001e1c       0x1c lib/libSENSIT_SDK_V2.0.0.a(sensit_api.o)
                0x0000000008001e1c                _init
 .text.SENSIT_API_configure_radio
                0x0000000008001e38       0x2a lib/libSENSIT_SDK_V2.0.0.a(sensit_api.o)
                0x0000000008001e38                SENSIT_API_configure_radio
 .text.SENSIT_API_switch_radio
                0x0000000008001e62       0x38 lib/libSENSIT_SDK_V2.0.0.a(sensit_api.o)
                0x0000000008001e62                SENSIT_API_switch_radio
 *fill*         0x0000000008001e9a        0x2 
 .text.SENSIT_API_reset
                0x0000000008001e9c       0x60 lib/libSENSIT_SDK_V2.0.0.a(sensit_api.o)
                0x0000000008001e9c                SENSIT_API_reset
 .text.SENSIT_API_sleep
                0x0000000008001efc        0xa lib/libSENSIT_SDK_V2.0.0.a(sensit_api.o)
                0x0000000008001efc                SENSIT_API_sleep
 .text.SENSIT_API_set_rtc_alarm
                0x0000000008001f06        0xa lib/libSENSIT_SDK_V2.0.0.a(sensit_api.o)
                0x0000000008001f06                SENSIT_API_set_rtc_alarm
 .text.SENSIT_API_configure_button
                0x0000000008001f10       0x50 lib/libSENSIT_SDK_V2.0.0.a(sensit_api.o)
                0x0000000008001f10                SENSIT_API_configure_button
 .text.SENSIT_API_get_button_state
                0x0000000008001f60       0x14 lib/libSENSIT_SDK_V2.0.0.a(sensit_api.o)
                0x0000000008001f60                SENSIT_API_get_button_state
 .text.SENSIT_API_set_rgb_led
                0x0000000008001f74       0x30 lib/libSENSIT_SDK_V2.0.0.a(sensit_api.o)
                0x0000000008001f74                SENSIT_API_set_rgb_led
 .text.SENSIT_API_set_white_led
                0x0000000008001fa4       0x18 lib/libSENSIT_SDK_V2.0.0.a(sensit_api.o)
                0x0000000008001fa4                SENSIT_API_set_white_led
 .text.SENSIT_API_get_battery_level
                0x0000000008001fbc        0xe lib/libSENSIT_SDK_V2.0.0.a(sensit_api.o)
                0x0000000008001fbc                SENSIT_API_get_battery_level
 .text.SENSIT_API_get_current_time
                0x0000000008001fca        0xe lib/libSENSIT_SDK_V2.0.0.a(sensit_api.o)
                0x0000000008001fca                SENSIT_API_get_current_time
 .text.SENSIT_API_wait
                0x0000000008001fd8        0xa lib/libSENSIT_SDK_V2.0.0.a(sensit_api.o)
                0x0000000008001fd8                SENSIT_API_wait
 .text.SENSIT_API_write_read_i2c_bus
                0x0000000008001fe2       0x20 lib/libSENSIT_SDK_V2.0.0.a(sensit_api.o)
                0x0000000008001fe2                SENSIT_API_write_read_i2c_bus
 *fill*         0x0000000008002002        0x2 
 .text.SENSIT_API_reset_device_sequence_number
                0x0000000008002004       0x20 lib/libSENSIT_SDK_V2.0.0.a(sensit_api.o)
                0x0000000008002004                SENSIT_API_reset_device_sequence_number
 .text.SIGFOX_API_open
                0x0000000008002024      0x1b4 lib/libSENSIT_SDK_V2.0.0.a(sigfox_api.o)
                0x0000000008002024                SIGFOX_API_open
 .text.SIGFOX_API_send_frame
                0x00000000080021d8       0x48 lib/libSENSIT_SDK_V2.0.0.a(sigfox_api.o)
                0x00000000080021d8                SIGFOX_API_send_frame
 .text.SIGFOX_API_set_std_config
                0x0000000008002220       0x90 lib/libSENSIT_SDK_V2.0.0.a(sigfox_api.o)
                0x0000000008002220                SIGFOX_API_set_std_config
 .text.SIGFOX_INT_randomize
                0x00000000080022b0       0x16 lib/libSENSIT_SDK_V2.0.0.a(sigfox_internal.o)
                0x00000000080022b0                SIGFOX_INT_randomize
 .text.SIGFOX_INT_get_max_micro_channel
                0x00000000080022c6       0x30 lib/libSENSIT_SDK_V2.0.0.a(sigfox_internal.o)
                0x00000000080022c6                SIGFOX_INT_get_max_micro_channel
 .text.SIGFOX_INT_get_macro_channel_index
                0x00000000080022f6       0x5a lib/libSENSIT_SDK_V2.0.0.a(sigfox_internal.o)
                0x00000000080022f6                SIGFOX_INT_get_macro_channel_index
 .text.SIGFOX_INT_dc_lbt_channel_pn_max
                0x0000000008002350       0x30 lib/libSENSIT_SDK_V2.0.0.a(sigfox_internal.o)
                0x0000000008002350                SIGFOX_INT_dc_lbt_channel_pn_max
 .text.SIGFOX_INT_dc_lbt_channel_pn_min
                0x0000000008002380       0x22 lib/libSENSIT_SDK_V2.0.0.a(sigfox_internal.o)
                0x0000000008002380                SIGFOX_INT_dc_lbt_channel_pn_min
 .text.RETURN_CODE
                0x00000000080023a2        0x8 lib/libSENSIT_SDK_V2.0.0.a(sigfox_internal.o)
                0x00000000080023a2                RETURN_CODE
 *fill*         0x00000000080023aa        0x2 
 .text.SIGFOX_INT_compute_channels
                0x00000000080023ac      0x134 lib/libSENSIT_SDK_V2.0.0.a(sigfox_internal.o)
                0x00000000080023ac                SIGFOX_INT_compute_channels
 .text.SIGFOX_INT_compute_carrier_sense_frequency
                0x00000000080024e0       0x2e lib/libSENSIT_SDK_V2.0.0.a(sigfox_internal.o)
                0x00000000080024e0                SIGFOX_INT_compute_carrier_sense_frequency
 .text.SIGFOX_INT_store_nvm
                0x000000000800250e       0x32 lib/libSENSIT_SDK_V2.0.0.a(sigfox_internal.o)
                0x000000000800250e                SIGFOX_INT_store_nvm
 .text.SIGFOX_INT_build_frame
                0x0000000008002540      0x1da lib/libSENSIT_SDK_V2.0.0.a(sigfox_internal.o)
                0x0000000008002540                SIGFOX_INT_build_frame
 *fill*         0x000000000800271a        0x2 
 .text.SIGFOX_INT_prepare_transmission
                0x000000000800271c       0x88 lib/libSENSIT_SDK_V2.0.0.a(sigfox_internal.o)
                0x000000000800271c                SIGFOX_INT_prepare_transmission
 .text.SIGFOX_INT_send_single_frame
                0x00000000080027a4       0x98 lib/libSENSIT_SDK_V2.0.0.a(sigfox_internal.o)
                0x00000000080027a4                SIGFOX_INT_send_single_frame
 .text.SIGFOX_INT_execute_carrier_sense
                0x000000000800283c       0x3a lib/libSENSIT_SDK_V2.0.0.a(sigfox_internal.o)
                0x000000000800283c                SIGFOX_INT_execute_carrier_sense
 .text.SIGFOX_INT_downlink_configuration
                0x0000000008002876       0x4c lib/libSENSIT_SDK_V2.0.0.a(sigfox_internal.o)
                0x0000000008002876                SIGFOX_INT_downlink_configuration
 .text.SIGFOX_INT_get_received_frames
                0x00000000080028c2      0x10a lib/libSENSIT_SDK_V2.0.0.a(sigfox_internal.o)
                0x00000000080028c2                SIGFOX_INT_get_received_frames
 .text.SIGFOX_INT_process_downlink
                0x00000000080029cc       0x46 lib/libSENSIT_SDK_V2.0.0.a(sigfox_internal.o)
                0x00000000080029cc                SIGFOX_INT_process_downlink
 *fill*         0x0000000008002a12        0x2 
 .text.SIGFOX_INT_compute_uplink_frequency
                0x0000000008002a14       0x94 lib/libSENSIT_SDK_V2.0.0.a(sigfox_internal.o)
                0x0000000008002a14                SIGFOX_INT_compute_uplink_frequency
 .text.SIGFOX_INT_process_uplink
                0x0000000008002aa8      0x28c lib/libSENSIT_SDK_V2.0.0.a(sigfox_internal.o)
                0x0000000008002aa8                SIGFOX_INT_process_uplink
 .text.SIGFOX_INT_execute_communication_sequence
                0x0000000008002d34      0x118 lib/libSENSIT_SDK_V2.0.0.a(sigfox_internal.o)
                0x0000000008002d34                SIGFOX_INT_execute_communication_sequence
 .text.SIGFOX_INT_get_device_id
                0x0000000008002e4c       0x18 lib/libSENSIT_SDK_V2.0.0.a(sigfox_internal.o)
                0x0000000008002e4c                SIGFOX_INT_get_device_id
 .text.SIGFOX_PN_next_pn
                0x0000000008002e64       0x50 lib/libSENSIT_SDK_V2.0.0.a(sigfox_pn.o)
                0x0000000008002e64                SIGFOX_PN_next_pn
 .text.SIGFOX_SCRAMB_compute
                0x0000000008002eb4       0x8c lib/libSENSIT_SDK_V2.0.0.a(sigfox_scramb.o)
                0x0000000008002eb4                SIGFOX_SCRAMB_compute
 .text.SLEEP_handler
                0x0000000008002f40       0x88 lib/libSENSIT_SDK_V2.0.0.a(sleep.o)
                0x0000000008002f40                SLEEP_handler
 .text.SPI_init
                0x0000000008002fc8       0x30 lib/libSENSIT_SDK_V2.0.0.a(spi.o)
                0x0000000008002fc8                SPI_init
 .text.SPI_disable
                0x0000000008002ff8       0x34 lib/libSENSIT_SDK_V2.0.0.a(spi.o)
                0x0000000008002ff8                SPI_disable
 .text.SPI_enable
                0x000000000800302c       0x30 lib/libSENSIT_SDK_V2.0.0.a(spi.o)
                0x000000000800302c                SPI_enable
 .text.SPI_write_read
                0x000000000800305c       0x2c lib/libSENSIT_SDK_V2.0.0.a(spi.o)
                0x000000000800305c                SPI_write_read
 .text.Reset_Handler
                0x0000000008003088       0x80 lib/libSENSIT_SDK_V2.0.0.a(startup_stm32f042x6.o)
                0x0000000008003088                Reset_Handler
 .text.Default_Handler
                0x0000000008003108        0x2 lib/libSENSIT_SDK_V2.0.0.a(startup_stm32f042x6.o)
                0x0000000008003108                TIM1_BRK_UP_TRG_COM_IRQHandler
                0x0000000008003108                TSC_IRQHandler
                0x0000000008003108                SysTick_Handler
                0x0000000008003108                PendSV_Handler
                0x0000000008003108                I2C1_IRQHandler
                0x0000000008003108                RCC_CRS_IRQHandler
                0x0000000008003108                SPI1_IRQHandler
                0x0000000008003108                EXTI2_3_IRQHandler
                0x0000000008003108                ADC1_IRQHandler
                0x0000000008003108                TIM17_IRQHandler
                0x0000000008003108                CEC_CAN_IRQHandler
                0x0000000008003108                PVD_VDDIO2_IRQHandler
                0x0000000008003108                TIM3_IRQHandler
                0x0000000008003108                DMA1_Channel1_IRQHandler
                0x0000000008003108                Default_Handler
                0x0000000008003108                TIM14_IRQHandler
                0x0000000008003108                DMA1_Channel4_5_IRQHandler
                0x0000000008003108                EXTI0_1_IRQHandler
                0x0000000008003108                SPI2_IRQHandler
                0x0000000008003108                SVC_Handler
                0x0000000008003108                DMA1_Channel2_3_IRQHandler
                0x0000000008003108                USART2_IRQHandler
                0x0000000008003108                FLASH_IRQHandler
                0x0000000008003108                TIM1_CC_IRQHandler
 *fill*         0x000000000800310a        0x2 
 .text.SystemInit
                0x000000000800310c      0x178 lib/libSENSIT_SDK_V2.0.0.a(system_stm32f0xx.o)
                0x000000000800310c                SystemInit
 .text.SYSTICK_wait_ms
                0x0000000008003284       0x84 lib/libSENSIT_SDK_V2.0.0.a(systick.o)
                0x0000000008003284                SYSTICK_wait_ms
 .text.SYSTICK_wait_tick
                0x0000000008003308       0x38 lib/libSENSIT_SDK_V2.0.0.a(systick.o)
                0x0000000008003308                SYSTICK_wait_tick
 .text.USART1_IRQHandler
                0x0000000008003340       0x68 lib/libSENSIT_SDK_V2.0.0.a(uart.o)
                0x0000000008003340                USART1_IRQHandler
 .text.HAL_PCD_SetupStageCallback
                0x00000000080033a8       0x14 lib/libSENSIT_SDK_V2.0.0.a(usbd_conf.o)
                0x00000000080033a8                HAL_PCD_SetupStageCallback
 .text.HAL_PCD_DataOutStageCallback
                0x00000000080033bc       0x18 lib/libSENSIT_SDK_V2.0.0.a(usbd_conf.o)
                0x00000000080033bc                HAL_PCD_DataOutStageCallback
 .text.HAL_PCD_DataInStageCallback
                0x00000000080033d4       0x16 lib/libSENSIT_SDK_V2.0.0.a(usbd_conf.o)
                0x00000000080033d4                HAL_PCD_DataInStageCallback
 .text.HAL_PCD_SOFCallback
                0x00000000080033ea        0xe lib/libSENSIT_SDK_V2.0.0.a(usbd_conf.o)
                0x00000000080033ea                HAL_PCD_SOFCallback
 .text.HAL_PCD_ResetCallback
                0x00000000080033f8       0x18 lib/libSENSIT_SDK_V2.0.0.a(usbd_conf.o)
                0x00000000080033f8                HAL_PCD_ResetCallback
 .text.HAL_PCD_SuspendCallback
                0x0000000008003410        0xe lib/libSENSIT_SDK_V2.0.0.a(usbd_conf.o)
                0x0000000008003410                HAL_PCD_SuspendCallback
 .text.HAL_PCD_ResumeCallback
                0x000000000800341e        0xe lib/libSENSIT_SDK_V2.0.0.a(usbd_conf.o)
                0x000000000800341e                HAL_PCD_ResumeCallback
 .text.USBD_LL_OpenEP
                0x000000000800342c       0x16 lib/libSENSIT_SDK_V2.0.0.a(usbd_conf.o)
                0x000000000800342c                USBD_LL_OpenEP
 .text.USBD_LL_StallEP
                0x0000000008003442       0x10 lib/libSENSIT_SDK_V2.0.0.a(usbd_conf.o)
                0x0000000008003442                USBD_LL_StallEP
 .text.USBD_LL_ClearStallEP
                0x0000000008003452       0x10 lib/libSENSIT_SDK_V2.0.0.a(usbd_conf.o)
                0x0000000008003452                USBD_LL_ClearStallEP
 .text.USBD_LL_IsStallEP
                0x0000000008003462       0x26 lib/libSENSIT_SDK_V2.0.0.a(usbd_conf.o)
                0x0000000008003462                USBD_LL_IsStallEP
 .text.USBD_LL_SetUSBAddress
                0x0000000008003488       0x10 lib/libSENSIT_SDK_V2.0.0.a(usbd_conf.o)
                0x0000000008003488                USBD_LL_SetUSBAddress
 .text.USBD_LL_Transmit
                0x0000000008003498       0x10 lib/libSENSIT_SDK_V2.0.0.a(usbd_conf.o)
                0x0000000008003498                USBD_LL_Transmit
 .text.USBD_LL_PrepareReceive
                0x00000000080034a8       0x10 lib/libSENSIT_SDK_V2.0.0.a(usbd_conf.o)
                0x00000000080034a8                USBD_LL_PrepareReceive
 .text.USB_IRQHandler
                0x00000000080034b8       0x10 lib/libSENSIT_SDK_V2.0.0.a(usbd_conf.o)
                0x00000000080034b8                USB_IRQHandler
 .text.USBD_SetClassConfig
                0x00000000080034c8       0x1a lib/libSENSIT_SDK_V2.0.0.a(usbd_core.o)
                0x00000000080034c8                USBD_SetClassConfig
 .text.USBD_ClrClassConfig
                0x00000000080034e2       0x10 lib/libSENSIT_SDK_V2.0.0.a(usbd_core.o)
                0x00000000080034e2                USBD_ClrClassConfig
 *fill*         0x00000000080034f2        0x2 
 .text.USBD_LL_SetupStage
                0x00000000080034f4       0x68 lib/libSENSIT_SDK_V2.0.0.a(usbd_core.o)
                0x00000000080034f4                USBD_LL_SetupStage
 .text.USBD_LL_DataOutStage
                0x000000000800355c       0x74 lib/libSENSIT_SDK_V2.0.0.a(usbd_core.o)
                0x000000000800355c                USBD_LL_DataOutStage
 .text.USBD_LL_DataInStage
                0x00000000080035d0       0xac lib/libSENSIT_SDK_V2.0.0.a(usbd_core.o)
                0x00000000080035d0                USBD_LL_DataInStage
 .text.USBD_LL_Reset
                0x000000000800367c       0x48 lib/libSENSIT_SDK_V2.0.0.a(usbd_core.o)
                0x000000000800367c                USBD_LL_Reset
 .text.USBD_LL_SetSpeed
                0x00000000080036c4        0x6 lib/libSENSIT_SDK_V2.0.0.a(usbd_core.o)
                0x00000000080036c4                USBD_LL_SetSpeed
 .text.USBD_LL_Suspend
                0x00000000080036ca       0x16 lib/libSENSIT_SDK_V2.0.0.a(usbd_core.o)
                0x00000000080036ca                USBD_LL_Suspend
 .text.USBD_LL_Resume
                0x00000000080036e0        0xe lib/libSENSIT_SDK_V2.0.0.a(usbd_core.o)
                0x00000000080036e0                USBD_LL_Resume
 .text.USBD_LL_SOF
                0x00000000080036ee       0x1e lib/libSENSIT_SDK_V2.0.0.a(usbd_core.o)
                0x00000000080036ee                USBD_LL_SOF
 .text.USBD_CtlError.constprop.0
                0x000000000800370c       0x14 lib/libSENSIT_SDK_V2.0.0.a(usbd_ctlreq.o)
 .text.USBD_StdDevReq
                0x0000000008003720      0x224 lib/libSENSIT_SDK_V2.0.0.a(usbd_ctlreq.o)
                0x0000000008003720                USBD_StdDevReq
 .text.USBD_StdItfReq
                0x0000000008003944       0x38 lib/libSENSIT_SDK_V2.0.0.a(usbd_ctlreq.o)
                0x0000000008003944                USBD_StdItfReq
 .text.USBD_StdEPReq
                0x000000000800397c       0xd4 lib/libSENSIT_SDK_V2.0.0.a(usbd_ctlreq.o)
                0x000000000800397c                USBD_StdEPReq
 .text.USBD_ParseSetupRequest
                0x0000000008003a50       0x28 lib/libSENSIT_SDK_V2.0.0.a(usbd_ctlreq.o)
                0x0000000008003a50                USBD_ParseSetupRequest
 .text.USBD_CtlSendData
                0x0000000008003a78       0x1c lib/libSENSIT_SDK_V2.0.0.a(usbd_ioreq.o)
                0x0000000008003a78                USBD_CtlSendData
 .text.USBD_CtlContinueSendData
                0x0000000008003a94       0x10 lib/libSENSIT_SDK_V2.0.0.a(usbd_ioreq.o)
                0x0000000008003a94                USBD_CtlContinueSendData
 .text.USBD_CtlContinueRx
                0x0000000008003aa4       0x10 lib/libSENSIT_SDK_V2.0.0.a(usbd_ioreq.o)
                0x0000000008003aa4                USBD_CtlContinueRx
 .text.USBD_CtlSendStatus
                0x0000000008003ab4       0x18 lib/libSENSIT_SDK_V2.0.0.a(usbd_ioreq.o)
                0x0000000008003ab4                USBD_CtlSendStatus
 .text.USBD_CtlReceiveStatus
                0x0000000008003acc       0x18 lib/libSENSIT_SDK_V2.0.0.a(usbd_ioreq.o)
                0x0000000008003acc                USBD_CtlReceiveStatus
 .text.WATCHDOG_clear
                0x0000000008003ae4       0x10 lib/libSENSIT_SDK_V2.0.0.a(watchdog.o)
                0x0000000008003ae4                WATCHDOG_clear
 .text.ADC_init
                0x0000000008003af4       0x88 lib/libSENSIT_SDK_V2.0.0.a(adc.o)
                0x0000000008003af4                ADC_init
 .text.ADC_measure_battery
                0x0000000008003b7c       0x84 lib/libSENSIT_SDK_V2.0.0.a(adc.o)
                0x0000000008003b7c                ADC_measure_battery
 .text.ADC_get_last_battery_level
                0x0000000008003c00        0xc lib/libSENSIT_SDK_V2.0.0.a(adc.o)
                0x0000000008003c00                ADC_get_last_battery_level
 .text.ADC_get_battery_level
                0x0000000008003c0c       0x10 lib/libSENSIT_SDK_V2.0.0.a(adc.o)
                0x0000000008003c0c                ADC_get_battery_level
 .text.ADC_measure_temperature
                0x0000000008003c1c       0x68 lib/libSENSIT_SDK_V2.0.0.a(adc.o)
                0x0000000008003c1c                ADC_measure_temperature
 .text.AESEncode
                0x0000000008003c84      0x1c0 lib/libSENSIT_SDK_V2.0.0.a(aes.o)
                0x0000000008003c84                AESEncode
 .text.calibReadHSI48clk
                0x0000000008003e44       0x84 lib/libSENSIT_SDK_V2.0.0.a(calib.o)
 .text.calibRTCclkIsCalibrated
                0x0000000008003ec8      0x1a0 lib/libSENSIT_SDK_V2.0.0.a(calib.o)
                0x0000000008003ec8                calibRTCclkIsCalibrated
 .text.calibHSI48clkIsCalibrated
                0x0000000008004068       0x90 lib/libSENSIT_SDK_V2.0.0.a(calib.o)
                0x0000000008004068                calibHSI48clkIsCalibrated
 .text.CC1125_send_strobe
                0x00000000080040f8       0x2c lib/libSENSIT_SDK_V2.0.0.a(cc1125.o)
                0x00000000080040f8                CC1125_send_strobe
 .text.CC1125_write_reg
                0x0000000008004124       0x54 lib/libSENSIT_SDK_V2.0.0.a(cc1125.o)
                0x0000000008004124                CC1125_write_reg
 .text.CC1125_read_reg
                0x0000000008004178       0x54 lib/libSENSIT_SDK_V2.0.0.a(cc1125.o)
                0x0000000008004178                CC1125_read_reg
 .text.CC1125_output_clock
                0x00000000080041cc       0x18 lib/libSENSIT_SDK_V2.0.0.a(cc1125.o)
                0x00000000080041cc                CC1125_output_clock
 .text.CRC_compute
                0x00000000080041e4       0x4c lib/libSENSIT_SDK_V2.0.0.a(crc.o)
                0x00000000080041e4                CRC_compute
 .text.FLASH_unlock
                0x0000000008004230       0x3c lib/libSENSIT_SDK_V2.0.0.a(flash.o)
                0x0000000008004230                FLASH_unlock
 .text.FLASH_lock
                0x000000000800426c       0x14 lib/libSENSIT_SDK_V2.0.0.a(flash.o)
                0x000000000800426c                FLASH_lock
 .text.FLASH_write
                0x0000000008004280       0x40 lib/libSENSIT_SDK_V2.0.0.a(flash.o)
                0x0000000008004280                FLASH_write
 .text.FLASH_erase_page
                0x00000000080042c0       0x90 lib/libSENSIT_SDK_V2.0.0.a(flash.o)
                0x00000000080042c0                FLASH_erase_page
 .text._handler
                0x0000000008004350       0x44 lib/libSENSIT_SDK_V2.0.0.a(gpio.o)
 .text.GPIO_init
                0x0000000008004394       0xcc lib/libSENSIT_SDK_V2.0.0.a(gpio.o)
                0x0000000008004394                GPIO_init
 .text.EXTI4_15_IRQHandler
                0x0000000008004460       0x88 lib/libSENSIT_SDK_V2.0.0.a(gpio.o)
                0x0000000008004460                EXTI4_15_IRQHandler
 .text.HardFault_Handler
                0x00000000080044e8        0x8 lib/libSENSIT_SDK_V2.0.0.a(gpio.o)
                0x00000000080044e8                HardFault_Handler
 .text.NMI_Handler
                0x00000000080044f0        0x8 lib/libSENSIT_SDK_V2.0.0.a(gpio.o)
                0x00000000080044f0                NMI_Handler
 .text.WWDG_IRQHandler
                0x00000000080044f8        0x8 lib/libSENSIT_SDK_V2.0.0.a(gpio.o)
                0x00000000080044f8                WWDG_IRQHandler
 .text.I2C_init
                0x0000000008004500       0x30 lib/libSENSIT_SDK_V2.0.0.a(i2c.o)
                0x0000000008004500                I2C_init
 .text.I2C_write_read
                0x0000000008004530      0x160 lib/libSENSIT_SDK_V2.0.0.a(i2c.o)
                0x0000000008004530                I2C_write_read
 .text.LED_set_toggle_color
                0x0000000008004690        0xc lib/libSENSIT_SDK_V2.0.0.a(led.o)
                0x0000000008004690                LED_set_toggle_color
 .text.LED_toggle
                0x000000000800469c       0x5c lib/libSENSIT_SDK_V2.0.0.a(led.o)
                0x000000000800469c                LED_toggle
 .text.my_memcpy
                0x00000000080046f8       0x1c lib/libSENSIT_SDK_V2.0.0.a(my_string.o)
                0x00000000080046f8                my_memcpy
 .text.my_memcmp
                0x0000000008004714       0x1c lib/libSENSIT_SDK_V2.0.0.a(my_string.o)
                0x0000000008004714                my_memcmp
 .text.RF_API_init
                0x0000000008004730       0x64 lib/libSENSIT_SDK_V2.0.0.a(rf_api.o)
                0x0000000008004730                RF_API_init
 .text.RF_API_stop
                0x0000000008004794       0x28 lib/libSENSIT_SDK_V2.0.0.a(rf_api.o)
                0x0000000008004794                RF_API_stop
 .text.RF_API_send
                0x00000000080047bc       0x3c lib/libSENSIT_SDK_V2.0.0.a(rf_api.o)
                0x00000000080047bc                RF_API_send
 .text.RF_API_change_frequency
                0x00000000080047f8      0x180 lib/libSENSIT_SDK_V2.0.0.a(rf_api.o)
                0x00000000080047f8                RF_API_change_frequency
 .text.RF_API_wait_frame
                0x0000000008004978       0xe0 lib/libSENSIT_SDK_V2.0.0.a(rf_api.o)
                0x0000000008004978                RF_API_wait_frame
 .text.RF_API_wait_for_clear_channel
                0x0000000008004a58       0xb0 lib/libSENSIT_SDK_V2.0.0.a(rf_api.o)
                0x0000000008004a58                RF_API_wait_for_clear_channel
 .text.SIGFOX_CRC_crc16
                0x0000000008004b08       0x3c lib/libSENSIT_SDK_V2.0.0.a(sigfox_crc.o)
                0x0000000008004b08                SIGFOX_CRC_crc16
 .text.SIGFOX_CRC_crc8
                0x0000000008004b44       0x34 lib/libSENSIT_SDK_V2.0.0.a(sigfox_crc.o)
                0x0000000008004b44                SIGFOX_CRC_crc8
 .text.SIGFOX_DECODE_dewhitening_pn
                0x0000000008004b78       0x26 lib/libSENSIT_SDK_V2.0.0.a(sigfox_decode.o)
 *fill*         0x0000000008004b9e        0x2 
 .text.SIGFOX_DECODE_decode_frame
                0x0000000008004ba0      0x164 lib/libSENSIT_SDK_V2.0.0.a(sigfox_decode.o)
                0x0000000008004ba0                SIGFOX_DECODE_decode_frame
 .text.SIGFOX_HMAC_compute_aes
                0x0000000008004d04       0x54 lib/libSENSIT_SDK_V2.0.0.a(sigfox_hmac.o)
                0x0000000008004d04                SIGFOX_HMAC_compute_aes
 .text.PCD_WritePMA
                0x0000000008004d58       0x28 lib/libSENSIT_SDK_V2.0.0.a(stm32f0xx_hal_pcd.o)
 .text.PCD_ReadPMA
                0x0000000008004d80       0x20 lib/libSENSIT_SDK_V2.0.0.a(stm32f0xx_hal_pcd.o)
 .text.HAL_PCD_SetAddress
                0x0000000008004da0       0x2c lib/libSENSIT_SDK_V2.0.0.a(stm32f0xx_hal_pcd.o)
                0x0000000008004da0                HAL_PCD_SetAddress
 .text.HAL_PCD_EP_Open
                0x0000000008004dcc      0x2b0 lib/libSENSIT_SDK_V2.0.0.a(stm32f0xx_hal_pcd.o)
                0x0000000008004dcc                HAL_PCD_EP_Open
 .text.HAL_PCD_EP_Receive
                0x000000000800507c       0xe8 lib/libSENSIT_SDK_V2.0.0.a(stm32f0xx_hal_pcd.o)
                0x000000000800507c                HAL_PCD_EP_Receive
 .text.HAL_PCD_EP_Transmit
                0x0000000008005164      0x1e4 lib/libSENSIT_SDK_V2.0.0.a(stm32f0xx_hal_pcd.o)
                0x0000000008005164                HAL_PCD_EP_Transmit
 .text.HAL_PCD_IRQHandler
                0x0000000008005348      0x464 lib/libSENSIT_SDK_V2.0.0.a(stm32f0xx_hal_pcd.o)
                0x0000000008005348                HAL_PCD_IRQHandler
 .text.HAL_PCD_EP_SetStall
                0x00000000080057ac       0x90 lib/libSENSIT_SDK_V2.0.0.a(stm32f0xx_hal_pcd.o)
                0x00000000080057ac                HAL_PCD_EP_SetStall
 .text.HAL_PCD_EP_ClrStall
                0x000000000800583c       0xbc lib/libSENSIT_SDK_V2.0.0.a(stm32f0xx_hal_pcd.o)
                0x000000000800583c                HAL_PCD_EP_ClrStall
 .text.MODULATION_ramp_up
                0x00000000080058f8       0x28 lib/libSENSIT_SDK_V2.0.0.a(modulation.o)
 .text.MODULATION_ramp_down
                0x0000000008005920       0x2c lib/libSENSIT_SDK_V2.0.0.a(modulation.o)
 .text.MODULATION_init
                0x000000000800594c       0xe0 lib/libSENSIT_SDK_V2.0.0.a(modulation.o)
                0x000000000800594c                MODULATION_init
 .text.MODULATION_stop
                0x0000000008005a2c       0x3c lib/libSENSIT_SDK_V2.0.0.a(modulation.o)
                0x0000000008005a2c                MODULATION_stop
 .text.MODULATION_process
                0x0000000008005a68       0xa4 lib/libSENSIT_SDK_V2.0.0.a(modulation.o)
                0x0000000008005a68                MODULATION_process
 .text.TIM2_IRQHandler
                0x0000000008005b0c       0x2c lib/libSENSIT_SDK_V2.0.0.a(modulation.o)
                0x0000000008005b0c                TIM2_IRQHandler
 .text.__libc_init_array
                0x0000000008005b38       0x48 /Users/julesanthonioz/Desktop/TP-n2-Sens-It/gcc-arm-none-eabi-7-2018-q2-update/bin/../lib/gcc/arm-none-eabi/7.3.1/../../../../arm-none-eabi/lib/thumb/v6-m/libc.a(lib_a-init.o)
                0x0000000008005b38                __libc_init_array
 .text.memset   0x0000000008005b80       0x9c /Users/julesanthonioz/Desktop/TP-n2-Sens-It/gcc-arm-none-eabi-7-2018-q2-update/bin/../lib/gcc/arm-none-eabi/7.3.1/../../../../arm-none-eabi/lib/thumb/v6-m/libc.a(lib_a-memset.o)
                0x0000000008005b80                memset
 *(.glue_7)
 .glue_7        0x0000000008005c1c        0x0 linker stubs
 *(.glue_7t)
 .glue_7t       0x0000000008005c1c        0x0 linker stubs
 *(.eh_frame)
 *(.init)
 *(.fini)
                0x0000000008005c1c                . = ALIGN (0x4)
                0x0000000008005c1c                _etext = .

.vfp11_veneer   0x0000000008005c1c        0x0
 .vfp11_veneer  0x0000000008005c1c        0x0 linker stubs

.v4_bx          0x0000000008005c1c        0x0
 .v4_bx         0x0000000008005c1c        0x0 linker stubs

.iplt           0x0000000008005c1c        0x0
 .iplt          0x0000000008005c1c        0x0 obj/error.o

.rodata         0x0000000008005c1c      0x3c4
                0x0000000008005c1c                . = ALIGN (0x4)
 *(.rodata)
 .rodata        0x0000000008005c1c       0x10 lib/libSENSIT_SDK_V2.0.0.a(nvmem_api.o)
 .rodata        0x0000000008005c2c       0x34 lib/libSENSIT_SDK_V2.0.0.a(sigfox_internal.o)
                0x0000000008005c2c                fsync_lut_tx
                0x0000000008005c50                public_key
 .rodata        0x0000000008005c60       0x10 lib/libSENSIT_SDK_V2.0.0.a(sigfox_scramb.o)
 .rodata        0x0000000008005c70      0x100 lib/libSENSIT_SDK_V2.0.0.a(aes.o)
                0x0000000008005c70                STable
 .rodata        0x0000000008005d70      0x190 lib/libSENSIT_SDK_V2.0.0.a(rf_api.o)
 .rodata        0x0000000008005f00       0x20 lib/libSENSIT_SDK_V2.0.0.a(sigfox_decode.o)
                0x0000000008005f00                pow_alpha
                0x0000000008005f10                log_alpha
 .rodata        0x0000000008005f20       0x80 /Users/julesanthonioz/Desktop/TP-n2-Sens-It/gcc-arm-none-eabi-7-2018-q2-update/bin/../lib/gcc/arm-none-eabi/7.3.1/thumb/v6-m/libgcc.a(divsf3.o)
 .rodata        0x0000000008005fa0       0x40 /Users/julesanthonioz/Desktop/TP-n2-Sens-It/gcc-arm-none-eabi-7-2018-q2-update/bin/../lib/gcc/arm-none-eabi/7.3.1/thumb/v6-m/libgcc.a(mulsf3.o)
 *(.rodata*)
                0x0000000008005fe0                . = ALIGN (0x4)

.rel.dyn        0x0000000008005fe0        0x0
 .rel.iplt      0x0000000008005fe0        0x0 obj/error.o

.ARM.extab      0x0000000008005fe0        0x0
                0x0000000008005fe0                . = ALIGN (0x4)
 *(.ARM.extab* .gnu.linkonce.armextab.*)
                0x0000000008005fe0                . = ALIGN (0x4)

.ARM            0x0000000008005fe0        0x0
                0x0000000008005fe0                . = ALIGN (0x4)
                0x0000000008005fe0                __exidx_start = .
 *(.ARM.exidx*)
                0x0000000008005fe0                __exidx_end = .
                0x0000000008005fe0                . = ALIGN (0x4)

.preinit_array  0x0000000008005fe0        0x0
                0x0000000008005fe0                . = ALIGN (0x4)
                0x0000000008005fe0                PROVIDE (__preinit_array_start = .)
 *(.preinit_array*)
                0x0000000008005fe0                PROVIDE (__preinit_array_end = .)
                0x0000000008005fe0                . = ALIGN (0x4)

.init_array     0x0000000008005fe0        0x0
                0x0000000008005fe0                . = ALIGN (0x4)
                0x0000000008005fe0                PROVIDE (__init_array_start = .)
 *(SORT_BY_NAME(.init_array.*))
 *(.init_array*)
                0x0000000008005fe0                PROVIDE (__init_array_end = .)
                0x0000000008005fe0                . = ALIGN (0x4)

.fini_array     0x0000000008005fe0        0x0
                0x0000000008005fe0                . = ALIGN (0x4)
                [!provide]                        PROVIDE (__fini_array_start = .)
 *(SORT_BY_NAME(.fini_array.*))
 *(.fini_array*)
                [!provide]                        PROVIDE (__fini_array_end = .)
                0x0000000008005fe0                . = ALIGN (0x4)
                0x0000000008005fe0                _sidata = LOADADDR (.data)

.data           0x0000000020000000      0x1e8 load address 0x0000000008005fe0
                0x0000000020000000                . = ALIGN (0x4)
                0x0000000020000000                _sdata = .
 *(.data)
 .data          0x0000000020000000        0x2 obj/battery.o
 *fill*         0x0000000020000002        0x2 
 .data          0x0000000020000004       0xa0 obj/radio_api.o
 .data          0x00000000200000a4       0x10 obj/main.o
                0x00000000200000a4                firmware_version
 .data          0x00000000200000b4       0x15 lib/libSENSIT_SDK_V2.0.0.a(nvmem_api.o)
 .data          0x00000000200000c9        0x1 lib/libSENSIT_SDK_V2.0.0.a(radio.o)
 .data          0x00000000200000ca      0x11d lib/libSENSIT_SDK_V2.0.0.a(modulation.o)
 *(.data*)
                0x00000000200001e8                . = ALIGN (0x4)
 *fill*         0x00000000200001e7        0x1 
                0x00000000200001e8                _edata = .

.igot.plt       0x00000000200001e8        0x0 load address 0x00000000080061c8
 .igot.plt      0x00000000200001e8        0x0 obj/error.o
                0x00000000200001e8                . = ALIGN (0x4)

.bss            0x00000000200001e8      0x5d0 load address 0x00000000080061c8
                0x00000000200001e8                _sbss = .
                0x00000000200001e8                __bss_start__ = _sbss
 *(.bss)
 .bss           0x00000000200001e8        0x1 obj/radio_api.o
 *fill*         0x00000000200001e9        0x3 
 .bss           0x00000000200001ec       0x50 obj/etsi.o
 .bss           0x000000002000023c       0x10 obj/fcc.o
 .bss           0x000000002000024c       0x10 obj/hts221.o
 .bss           0x000000002000025c       0xa8 lib/libSENSIT_SDK_V2.0.0.a(mcu_api.o)
 .bss           0x0000000020000304       0x14 lib/libSENSIT_SDK_V2.0.0.a(nvmem_api.o)
 .bss           0x0000000020000318        0x1 lib/libSENSIT_SDK_V2.0.0.a(radio.o)
 *fill*         0x0000000020000319        0x3 
 .bss           0x000000002000031c        0xc lib/libSENSIT_SDK_V2.0.0.a(rtc.o)
                0x000000002000031c                rtc_current_time
                0x0000000020000320                rtc_alarm_timer
                0x0000000020000324                rx_timer
 .bss           0x0000000020000328        0x1 lib/libSENSIT_SDK_V2.0.0.a(sigfox_api.o)
                0x0000000020000328                g_state
 .bss           0x0000000020000329        0x1 lib/libSENSIT_SDK_V2.0.0.a(sleep.o)
 .bss           0x000000002000032a      0x204 lib/libSENSIT_SDK_V2.0.0.a(uart.o)
 .bss           0x000000002000052e        0x1 lib/libSENSIT_SDK_V2.0.0.a(usbd_ctlreq.o)
 *fill*         0x000000002000052f        0x1 
 .bss           0x0000000020000530        0x4 lib/libSENSIT_SDK_V2.0.0.a(adc.o)
 .bss           0x0000000020000534        0xc lib/libSENSIT_SDK_V2.0.0.a(calib.o)
 .bss           0x0000000020000540        0x1 lib/libSENSIT_SDK_V2.0.0.a(led.o)
 *fill*         0x0000000020000541        0x3 
 .bss           0x0000000020000544       0x1d lib/libSENSIT_SDK_V2.0.0.a(modulation.o)
 *(.bss*)
 *(COMMON)
 COMMON         0x0000000020000561        0x1 obj/error.o
                0x0000000020000561                pending_interrupt
 *fill*         0x0000000020000562        0x2 
 COMMON         0x0000000020000564        0x9 lib/libSENSIT_SDK_V2.0.0.a(mcu_api.o)
                0x0000000020000564                sleep_end
                0x0000000020000568                cs_timer
                0x000000002000056c                tx_end
 *fill*         0x000000002000056d        0x3 
 COMMON         0x0000000020000570        0x4 lib/libSENSIT_SDK_V2.0.0.a(rtc.o)
                0x0000000020000570                rtc_alarm_reload
 COMMON         0x0000000020000574        0x4 lib/libSENSIT_SDK_V2.0.0.a(sigfox_api.o)
                0x0000000020000574                rs
 COMMON         0x0000000020000578      0x220 lib/libSENSIT_SDK_V2.0.0.a(usbd_conf.o)
                0x0000000020000578                hpcd_USB_FS
 COMMON         0x0000000020000798       0x20 lib/libSENSIT_SDK_V2.0.0.a(sigfox_hmac.o)
                0x0000000020000798                aes_in
                0x00000000200007b8                . = ALIGN (0x4)
                0x00000000200007b8                _ebss = .
                0x00000000200007b8                __bss_end__ = _ebss

._user_heap_stack
                0x00000000200007b8      0x400 load address 0x00000000080061c8
                0x00000000200007b8                . = ALIGN (0x8)
                [!provide]                        PROVIDE (end = .)
                [!provide]                        PROVIDE (_end = .)
                0x00000000200007b8                . = (. + _Min_Heap_Size)
                0x0000000020000bb8                . = (. + _Min_Stack_Size)
 *fill*         0x00000000200007b8      0x400 
                0x0000000020000bb8                . = ALIGN (0x8)

/DISCARD/
 libc.a(*)
 libm.a(*)
 libgcc.a(*)

.ARM.attributes
                0x0000000000000000       0x2f
 *(.ARM.attributes)
 .ARM.attributes
                0x0000000000000000       0x31 obj/error.o
 .ARM.attributes
                0x0000000000000031       0x31 obj/button.o
 .ARM.attributes
                0x0000000000000062       0x31 obj/battery.o
 .ARM.attributes
                0x0000000000000093       0x31 obj/callback.o
 .ARM.attributes
                0x00000000000000c4       0x31 obj/radio_api.o
 .ARM.attributes
                0x00000000000000f5       0x31 obj/etsi.o
 .ARM.attributes
                0x0000000000000126       0x31 obj/fcc.o
 .ARM.attributes
                0x0000000000000157       0x31 obj/hts221.o
 .ARM.attributes
                0x0000000000000188       0x31 obj/ltr329.o
 .ARM.attributes
                0x00000000000001b9       0x31 obj/discovery.o
 .ARM.attributes
                0x00000000000001ea       0x31 obj/main.o
 .ARM.attributes
                0x000000000000021b       0x31 lib/libSENSIT_SDK_V2.0.0.a(mcu_api.o)
 .ARM.attributes
                0x000000000000024c       0x31 lib/libSENSIT_SDK_V2.0.0.a(nvmem_api.o)
 .ARM.attributes
                0x000000000000027d       0x31 lib/libSENSIT_SDK_V2.0.0.a(radio.o)
 .ARM.attributes
                0x00000000000002ae       0x31 lib/libSENSIT_SDK_V2.0.0.a(rtc.o)
 .ARM.attributes
                0x00000000000002df       0x31 lib/libSENSIT_SDK_V2.0.0.a(sensit_api.o)
 .ARM.attributes
                0x0000000000000310       0x31 lib/libSENSIT_SDK_V2.0.0.a(sigfox_api.o)
 .ARM.attributes
                0x0000000000000341       0x31 lib/libSENSIT_SDK_V2.0.0.a(sigfox_internal.o)
 .ARM.attributes
                0x0000000000000372       0x31 lib/libSENSIT_SDK_V2.0.0.a(sigfox_pn.o)
 .ARM.attributes
                0x00000000000003a3       0x31 lib/libSENSIT_SDK_V2.0.0.a(sigfox_scramb.o)
 .ARM.attributes
                0x00000000000003d4       0x31 lib/libSENSIT_SDK_V2.0.0.a(sleep.o)
 .ARM.attributes
                0x0000000000000405       0x31 lib/libSENSIT_SDK_V2.0.0.a(spi.o)
 .ARM.attributes
                0x0000000000000436       0x21 lib/libSENSIT_SDK_V2.0.0.a(startup_stm32f042x6.o)
 .ARM.attributes
                0x0000000000000457       0x31 lib/libSENSIT_SDK_V2.0.0.a(system_stm32f0xx.o)
 .ARM.attributes
                0x0000000000000488       0x31 lib/libSENSIT_SDK_V2.0.0.a(systick.o)
 .ARM.attributes
                0x00000000000004b9       0x31 lib/libSENSIT_SDK_V2.0.0.a(uart.o)
 .ARM.attributes
                0x00000000000004ea       0x31 lib/libSENSIT_SDK_V2.0.0.a(usbd_conf.o)
 .ARM.attributes
                0x000000000000051b       0x31 lib/libSENSIT_SDK_V2.0.0.a(usbd_core.o)
 .ARM.attributes
                0x000000000000054c       0x31 lib/libSENSIT_SDK_V2.0.0.a(usbd_ctlreq.o)
 .ARM.attributes
                0x000000000000057d       0x31 lib/libSENSIT_SDK_V2.0.0.a(usbd_ioreq.o)
 .ARM.attributes
                0x00000000000005ae       0x31 lib/libSENSIT_SDK_V2.0.0.a(watchdog.o)
 .ARM.attributes
                0x00000000000005df       0x31 lib/libSENSIT_SDK_V2.0.0.a(adc.o)
 .ARM.attributes
                0x0000000000000610       0x31 lib/libSENSIT_SDK_V2.0.0.a(aes.o)
 .ARM.attributes
                0x0000000000000641       0x31 lib/libSENSIT_SDK_V2.0.0.a(calib.o)
 .ARM.attributes
                0x0000000000000672       0x31 lib/libSENSIT_SDK_V2.0.0.a(cc1125.o)
 .ARM.attributes
                0x00000000000006a3       0x31 lib/libSENSIT_SDK_V2.0.0.a(crc.o)
 .ARM.attributes
                0x00000000000006d4       0x31 lib/libSENSIT_SDK_V2.0.0.a(flash.o)
 .ARM.attributes
                0x0000000000000705       0x31 lib/libSENSIT_SDK_V2.0.0.a(gpio.o)
 .ARM.attributes
                0x0000000000000736       0x31 lib/libSENSIT_SDK_V2.0.0.a(i2c.o)
 .ARM.attributes
                0x0000000000000767       0x31 lib/libSENSIT_SDK_V2.0.0.a(led.o)
 .ARM.attributes
                0x0000000000000798       0x31 lib/libSENSIT_SDK_V2.0.0.a(my_string.o)
 .ARM.attributes
                0x00000000000007c9       0x31 lib/libSENSIT_SDK_V2.0.0.a(rf_api.o)
 .ARM.attributes
                0x00000000000007fa       0x31 lib/libSENSIT_SDK_V2.0.0.a(sigfox_crc.o)
 .ARM.attributes
                0x000000000000082b       0x31 lib/libSENSIT_SDK_V2.0.0.a(sigfox_decode.o)
 .ARM.attributes
                0x000000000000085c       0x31 lib/libSENSIT_SDK_V2.0.0.a(sigfox_hmac.o)
 .ARM.attributes
                0x000000000000088d       0x31 lib/libSENSIT_SDK_V2.0.0.a(stm32f0xx_hal_pcd.o)
 .ARM.attributes
                0x00000000000008be       0x31 lib/libSENSIT_SDK_V2.0.0.a(modulation.o)
OUTPUT(bin/sensit.elf elf32-littlearm)

.debug_info     0x0000000000000000     0x20ef
 .debug_info    0x0000000000000000      0x3cb obj/error.o
 .debug_info    0x00000000000003cb      0x1e9 obj/button.o
 .debug_info    0x00000000000005b4      0x2fa obj/battery.o
 .debug_info    0x00000000000008ae       0x92 obj/callback.o
 .debug_info    0x0000000000000940      0x4a4 obj/radio_api.o
 .debug_info    0x0000000000000de4      0x182 obj/etsi.o
 .debug_info    0x0000000000000f66      0x173 obj/fcc.o
 .debug_info    0x00000000000010d9      0x357 obj/hts221.o
 .debug_info    0x0000000000001430      0x364 obj/ltr329.o
 .debug_info    0x0000000000001794      0x2f3 obj/discovery.o
 .debug_info    0x0000000000001a87      0x668 obj/main.o

.debug_abbrev   0x0000000000000000      0xcb0
 .debug_abbrev  0x0000000000000000      0x133 obj/error.o
 .debug_abbrev  0x0000000000000133      0x10e obj/button.o
 .debug_abbrev  0x0000000000000241      0x177 obj/battery.o
 .debug_abbrev  0x00000000000003b8       0x60 obj/callback.o
 .debug_abbrev  0x0000000000000418      0x18b obj/radio_api.o
 .debug_abbrev  0x00000000000005a3      0x110 obj/etsi.o
 .debug_abbrev  0x00000000000006b3      0x110 obj/fcc.o
 .debug_abbrev  0x00000000000007c3      0x137 obj/hts221.o
 .debug_abbrev  0x00000000000008fa      0x135 obj/ltr329.o
 .debug_abbrev  0x0000000000000a2f       0xe0 obj/discovery.o
 .debug_abbrev  0x0000000000000b0f      0x1a1 obj/main.o

.debug_loc      0x0000000000000000      0x9f3
 .debug_loc     0x0000000000000000       0xfb obj/error.o
 .debug_loc     0x00000000000000fb       0x95 obj/button.o
 .debug_loc     0x0000000000000190       0x7a obj/battery.o
 .debug_loc     0x000000000000020a      0x161 obj/radio_api.o
 .debug_loc     0x000000000000036b       0xe9 obj/etsi.o
 .debug_loc     0x0000000000000454       0xae obj/fcc.o
 .debug_loc     0x0000000000000502      0x241 obj/hts221.o
 .debug_loc     0x0000000000000743      0x176 obj/ltr329.o
 .debug_loc     0x00000000000008b9       0x8f obj/discovery.o
 .debug_loc     0x0000000000000948       0xab obj/main.o

.debug_aranges  0x0000000000000000      0x190
 .debug_aranges
                0x0000000000000000       0x28 obj/error.o
 .debug_aranges
                0x0000000000000028       0x20 obj/button.o
 .debug_aranges
                0x0000000000000048       0x20 obj/battery.o
 .debug_aranges
                0x0000000000000068       0x20 obj/callback.o
 .debug_aranges
                0x0000000000000088       0x28 obj/radio_api.o
 .debug_aranges
                0x00000000000000b0       0x20 obj/etsi.o
 .debug_aranges
                0x00000000000000d0       0x20 obj/fcc.o
 .debug_aranges
                0x00000000000000f0       0x28 obj/hts221.o
 .debug_aranges
                0x0000000000000118       0x38 obj/ltr329.o
 .debug_aranges
                0x0000000000000150       0x20 obj/discovery.o
 .debug_aranges
                0x0000000000000170       0x20 obj/main.o

.debug_ranges   0x0000000000000000       0xe0
 .debug_ranges  0x0000000000000000       0x18 obj/error.o
 .debug_ranges  0x0000000000000018       0x10 obj/button.o
 .debug_ranges  0x0000000000000028       0x10 obj/battery.o
 .debug_ranges  0x0000000000000038       0x10 obj/callback.o
 .debug_ranges  0x0000000000000048       0x18 obj/radio_api.o
 .debug_ranges  0x0000000000000060       0x10 obj/etsi.o
 .debug_ranges  0x0000000000000070       0x10 obj/fcc.o
 .debug_ranges  0x0000000000000080       0x18 obj/hts221.o
 .debug_ranges  0x0000000000000098       0x28 obj/ltr329.o
 .debug_ranges  0x00000000000000c0       0x10 obj/discovery.o
 .debug_ranges  0x00000000000000d0       0x10 obj/main.o

.debug_line     0x0000000000000000      0x95d
 .debug_line    0x0000000000000000      0x12e obj/error.o
 .debug_line    0x000000000000012e       0xa7 obj/button.o
 .debug_line    0x00000000000001d5       0xab obj/battery.o
 .debug_line    0x0000000000000280       0x64 obj/callback.o
 .debug_line    0x00000000000002e4      0x101 obj/radio_api.o
 .debug_line    0x00000000000003e5       0xc2 obj/etsi.o
 .debug_line    0x00000000000004a7       0xa2 obj/fcc.o
 .debug_line    0x0000000000000549      0x104 obj/hts221.o
 .debug_line    0x000000000000064d      0x11e obj/ltr329.o
 .debug_line    0x000000000000076b       0xc5 obj/discovery.o
 .debug_line    0x0000000000000830      0x12d obj/main.o

.debug_str      0x0000000000000000      0xbed
 .debug_str     0x0000000000000000      0x309 obj/error.o
                                        0x32a (size before relaxing)
 .debug_str     0x0000000000000309       0x6e obj/button.o
                                        0x2b8 (size before relaxing)
 .debug_str     0x0000000000000377       0x93 obj/battery.o
                                        0x353 (size before relaxing)
 .debug_str     0x000000000000040a       0x3d obj/callback.o
                                        0x1a6 (size before relaxing)
 .debug_str     0x0000000000000447      0x2d1 obj/radio_api.o
                                        0x4c9 (size before relaxing)
 .debug_str     0x0000000000000718       0x74 obj/etsi.o
                                        0x243 (size before relaxing)
 .debug_str     0x000000000000078c       0x41 obj/fcc.o
                                        0x22b (size before relaxing)
 .debug_str     0x00000000000007cd       0xa8 obj/hts221.o
                                        0x266 (size before relaxing)
 .debug_str     0x0000000000000875      0x111 obj/ltr329.o
                                        0x2fe (size before relaxing)
 .debug_str     0x0000000000000986      0x1c9 obj/discovery.o
                                        0x360 (size before relaxing)
 .debug_str     0x0000000000000b4f       0x9e obj/main.o
                                        0x658 (size before relaxing)

.comment        0x0000000000000000      0x16d
 .comment       0x0000000000000000       0x7f obj/error.o
                                         0x80 (size before relaxing)
 .comment       0x000000000000007f       0x80 obj/button.o
 .comment       0x000000000000007f       0x80 obj/battery.o
 .comment       0x000000000000007f       0x80 obj/callback.o
 .comment       0x000000000000007f       0x80 obj/radio_api.o
 .comment       0x000000000000007f       0x80 obj/etsi.o
 .comment       0x000000000000007f       0x80 obj/fcc.o
 .comment       0x000000000000007f       0x80 obj/hts221.o
 .comment       0x000000000000007f       0x80 obj/ltr329.o
 .comment       0x000000000000007f       0x80 obj/discovery.o
 .comment       0x000000000000007f       0x80 obj/main.o
 .comment       0x000000000000007f       0x7e lib/libSENSIT_SDK_V2.0.0.a(mcu_api.o)
                                         0x7f (size before relaxing)
 .comment       0x00000000000000fd       0x7f lib/libSENSIT_SDK_V2.0.0.a(nvmem_api.o)
 .comment       0x00000000000000fd       0x7f lib/libSENSIT_SDK_V2.0.0.a(radio.o)
 .comment       0x00000000000000fd       0x7f lib/libSENSIT_SDK_V2.0.0.a(rtc.o)
 .comment       0x00000000000000fd       0x7f lib/libSENSIT_SDK_V2.0.0.a(sensit_api.o)
 .comment       0x00000000000000fd       0x70 lib/libSENSIT_SDK_V2.0.0.a(sigfox_api.o)
                                         0x71 (size before relaxing)
 .comment       0x000000000000016d       0x71 lib/libSENSIT_SDK_V2.0.0.a(sigfox_internal.o)
 .comment       0x000000000000016d       0x71 lib/libSENSIT_SDK_V2.0.0.a(sigfox_pn.o)
 .comment       0x000000000000016d       0x71 lib/libSENSIT_SDK_V2.0.0.a(sigfox_scramb.o)
 .comment       0x000000000000016d       0x7f lib/libSENSIT_SDK_V2.0.0.a(sleep.o)
 .comment       0x000000000000016d       0x7f lib/libSENSIT_SDK_V2.0.0.a(spi.o)
 .comment       0x000000000000016d       0x7f lib/libSENSIT_SDK_V2.0.0.a(system_stm32f0xx.o)
 .comment       0x000000000000016d       0x7f lib/libSENSIT_SDK_V2.0.0.a(systick.o)
 .comment       0x000000000000016d       0x7f lib/libSENSIT_SDK_V2.0.0.a(uart.o)
 .comment       0x000000000000016d       0x7f lib/libSENSIT_SDK_V2.0.0.a(usbd_conf.o)
 .comment       0x000000000000016d       0x7f lib/libSENSIT_SDK_V2.0.0.a(usbd_core.o)
 .comment       0x000000000000016d       0x7f lib/libSENSIT_SDK_V2.0.0.a(usbd_ctlreq.o)
 .comment       0x000000000000016d       0x7f lib/libSENSIT_SDK_V2.0.0.a(usbd_ioreq.o)
 .comment       0x000000000000016d       0x7f lib/libSENSIT_SDK_V2.0.0.a(watchdog.o)
 .comment       0x000000000000016d       0x7f lib/libSENSIT_SDK_V2.0.0.a(adc.o)
 .comment       0x000000000000016d       0x7f lib/libSENSIT_SDK_V2.0.0.a(aes.o)
 .comment       0x000000000000016d       0x7f lib/libSENSIT_SDK_V2.0.0.a(calib.o)
 .comment       0x000000000000016d       0x7f lib/libSENSIT_SDK_V2.0.0.a(cc1125.o)
 .comment       0x000000000000016d       0x7f lib/libSENSIT_SDK_V2.0.0.a(crc.o)
 .comment       0x000000000000016d       0x7f lib/libSENSIT_SDK_V2.0.0.a(flash.o)
 .comment       0x000000000000016d       0x7f lib/libSENSIT_SDK_V2.0.0.a(gpio.o)
 .comment       0x000000000000016d       0x7f lib/libSENSIT_SDK_V2.0.0.a(i2c.o)
 .comment       0x000000000000016d       0x7f lib/libSENSIT_SDK_V2.0.0.a(led.o)
 .comment       0x000000000000016d       0x7f lib/libSENSIT_SDK_V2.0.0.a(my_string.o)
 .comment       0x000000000000016d       0x7f lib/libSENSIT_SDK_V2.0.0.a(rf_api.o)
 .comment       0x000000000000016d       0x71 lib/libSENSIT_SDK_V2.0.0.a(sigfox_crc.o)
 .comment       0x000000000000016d       0x71 lib/libSENSIT_SDK_V2.0.0.a(sigfox_decode.o)
 .comment       0x000000000000016d       0x71 lib/libSENSIT_SDK_V2.0.0.a(sigfox_hmac.o)
 .comment       0x000000000000016d       0x7f lib/libSENSIT_SDK_V2.0.0.a(stm32f0xx_hal_pcd.o)
 .comment       0x000000000000016d       0x7f lib/libSENSIT_SDK_V2.0.0.a(modulation.o)

.debug_frame    0x0000000000000000      0x2a8
 .debug_frame   0x0000000000000000       0x44 obj/error.o
 .debug_frame   0x0000000000000044       0x30 obj/button.o
 .debug_frame   0x0000000000000074       0x30 obj/battery.o
 .debug_frame   0x00000000000000a4       0x20 obj/callback.o
 .debug_frame   0x00000000000000c4       0x4c obj/radio_api.o
 .debug_frame   0x0000000000000110       0x30 obj/etsi.o
 .debug_frame   0x0000000000000140       0x30 obj/fcc.o
 .debug_frame   0x0000000000000170       0x4c obj/hts221.o
 .debug_frame   0x00000000000001bc       0x88 obj/ltr329.o
 .debug_frame   0x0000000000000244       0x34 obj/discovery.o
 .debug_frame   0x0000000000000278       0x30 obj/main.o
